*** EVALUATION ***
PROGRAM "91_App_Board.abs"

*********************************************************************************************
TARGET SECTION
---------------------------------------------------------------------------------------------
Processor   : Freescale HC08
Memory Model: SMALL
File Format : ELF\DWARF 2.0
Linker      : SmartLinker V-5.0.51 Build 14019, Jan 20 2014

*********************************************************************************************
FILE SECTION
---------------------------------------------------------------------------------------------
main_c.obj                              Model: SMALL,         Lang: ANSI-C
start08_c.obj                           Model: SMALL,         Lang: ANSI-C
mc9s08ac60_c.obj                        Model: SMALL,         Lang: ANSI-C
rtshc08.o (ansiis.lib)                  Model: SMALL,         Lang: ANSI-C

*********************************************************************************************
STARTUP SECTION
---------------------------------------------------------------------------------------------
Entry point: 0x18DB (_Startup)
_startupData is allocated at 0x18E4 and uses 6 Bytes
extern struct _tagStartup {
  unsigned nofZeroOut     1
  _Range   pZeroOut       0x100     432
  _Copy    *toCopyDownBeg 0x2953
} _startupData;

*********************************************************************************************
SECTION-ALLOCATION SECTION
Section Name                    Size  Type     From       To       Segment
---------------------------------------------------------------------------------------------
.data                            321   R/W      0x100      0x240   RAM
.init                            132     R     0x1860     0x18E3   ROM
.startData                        14     R     0x18E4     0x18F1   ROM
.text                           4193     R     0x18F2     0x2952   ROM
.copy                            327     R     0x2953     0x2A99   ROM
.abs_section_ffe2                  2     R     0xFFE2     0xFFE3   .absSeg0
.abs_section_ffd8                  2     R     0xFFD8     0xFFD9   .absSeg1
.abs_section_ffd6                  2     R     0xFFD6     0xFFD7   .absSeg2
.abs_section_ffd4                  2     R     0xFFD4     0xFFD5   .absSeg3
.abs_section_0                     1   N/I        0x0        0x0   .absSeg4
.abs_section_1                     1   N/I        0x1        0x1   .absSeg5
.abs_section_2                     1   N/I        0x2        0x2   .absSeg6
.abs_section_3                     1   N/I        0x3        0x3   .absSeg7
.abs_section_4                     1   N/I        0x4        0x4   .absSeg8
.abs_section_5                     1   N/I        0x5        0x5   .absSeg9
.abs_section_6                     1   N/I        0x6        0x6   .absSeg10
.abs_section_7                     1   N/I        0x7        0x7   .absSeg11
.abs_section_8                     1   N/I        0x8        0x8   .absSeg12
.abs_section_9                     1   N/I        0x9        0x9   .absSeg13
.abs_section_a                     1   N/I        0xA        0xA   .absSeg14
.abs_section_b                     1   N/I        0xB        0xB   .absSeg15
.abs_section_c                     1   N/I        0xC        0xC   .absSeg16
.abs_section_d                     1   N/I        0xD        0xD   .absSeg17
.abs_section_10                    1   N/I       0x10       0x10   .absSeg18
.abs_section_11                    1   N/I       0x11       0x11   .absSeg19
.abs_section_16                    1   N/I       0x16       0x16   .absSeg20
.abs_section_17                    1   N/I       0x17       0x17   .absSeg21
.abs_section_18                    1   N/I       0x18       0x18   .absSeg22
.abs_section_1c                    1   N/I       0x1C       0x1C   .absSeg23
.abs_section_1e                    1   N/I       0x1E       0x1E   .absSeg24
.abs_section_1f                    1   N/I       0x1F       0x1F   .absSeg25
.abs_section_20                    1   N/I       0x20       0x20   .absSeg26
.abs_section_25                    1   N/I       0x25       0x25   .absSeg27
.abs_section_28                    1   N/I       0x28       0x28   .absSeg28
.abs_section_2b                    1   N/I       0x2B       0x2B   .absSeg29
.abs_section_2e                    1   N/I       0x2E       0x2E   .absSeg30
.abs_section_31                    1   N/I       0x31       0x31   .absSeg31
.abs_section_34                    1   N/I       0x34       0x34   .absSeg32
.abs_section_3a                    1   N/I       0x3A       0x3A   .absSeg33
.abs_section_3b                    1   N/I       0x3B       0x3B   .absSeg34
.abs_section_3c                    1   N/I       0x3C       0x3C   .absSeg35
.abs_section_3d                    1   N/I       0x3D       0x3D   .absSeg36
.abs_section_3e                    1   N/I       0x3E       0x3E   .absSeg37
.abs_section_3f                    1   N/I       0x3F       0x3F   .absSeg38
.abs_section_42                    1   N/I       0x42       0x42   .absSeg39
.abs_section_43                    1   N/I       0x43       0x43   .absSeg40
.abs_section_44                    1   N/I       0x44       0x44   .absSeg41
.abs_section_45                    1   N/I       0x45       0x45   .absSeg42
.abs_section_46                    1   N/I       0x46       0x46   .absSeg43
.abs_section_47                    1   N/I       0x47       0x47   .absSeg44
.abs_section_48                    1   N/I       0x48       0x48   .absSeg45
.abs_section_49                    1   N/I       0x49       0x49   .absSeg46
.abs_section_4a                    1   N/I       0x4A       0x4A   .absSeg47
.abs_section_4b                    1   N/I       0x4B       0x4B   .absSeg48
.abs_section_4e                    1   N/I       0x4E       0x4E   .absSeg49
.abs_section_50                    1   N/I       0x50       0x50   .absSeg50
.abs_section_51                    1   N/I       0x51       0x51   .absSeg51
.abs_section_52                    1   N/I       0x52       0x52   .absSeg52
.abs_section_53                    1   N/I       0x53       0x53   .absSeg53
.abs_section_55                    1   N/I       0x55       0x55   .absSeg54
.abs_section_56                    1   N/I       0x56       0x56   .absSeg55
.abs_section_57                    1   N/I       0x57       0x57   .absSeg56
.abs_section_58                    1   N/I       0x58       0x58   .absSeg57
.abs_section_59                    1   N/I       0x59       0x59   .absSeg58
.abs_section_5a                    1   N/I       0x5A       0x5A   .absSeg59
.abs_section_5b                    1   N/I       0x5B       0x5B   .absSeg60
.abs_section_5c                    1   N/I       0x5C       0x5C   .absSeg61
.abs_section_5d                    1   N/I       0x5D       0x5D   .absSeg62
.abs_section_60                    1   N/I       0x60       0x60   .absSeg63
.abs_section_65                    1   N/I       0x65       0x65   .absSeg64
.abs_section_68                    1   N/I       0x68       0x68   .absSeg65
.abs_section_1800                  1   N/I     0x1800     0x1800   .absSeg66
.abs_section_1801                  1   N/I     0x1801     0x1801   .absSeg67
.abs_section_1802                  1   N/I     0x1802     0x1802   .absSeg68
.abs_section_1803                  1   N/I     0x1803     0x1803   .absSeg69
.abs_section_1808                  1   N/I     0x1808     0x1808   .absSeg70
.abs_section_1809                  1   N/I     0x1809     0x1809   .absSeg71
.abs_section_180a                  1   N/I     0x180A     0x180A   .absSeg72
.abs_section_180c                  1   N/I     0x180C     0x180C   .absSeg73
.abs_section_1816                  1   N/I     0x1816     0x1816   .absSeg74
.abs_section_1817                  1   N/I     0x1817     0x1817   .absSeg75
.abs_section_1818                  1   N/I     0x1818     0x1818   .absSeg76
.abs_section_1820                  1   N/I     0x1820     0x1820   .absSeg77
.abs_section_1821                  1   N/I     0x1821     0x1821   .absSeg78
.abs_section_1823                  1   N/I     0x1823     0x1823   .absSeg79
.abs_section_1824                  1   N/I     0x1824     0x1824   .absSeg80
.abs_section_1825                  1   N/I     0x1825     0x1825   .absSeg81
.abs_section_1826                  1   N/I     0x1826     0x1826   .absSeg82
.abs_section_1830                  1   N/I     0x1830     0x1830   .absSeg83
.abs_section_1835                  1   N/I     0x1835     0x1835   .absSeg84
.abs_section_1838                  1   N/I     0x1838     0x1838   .absSeg85
.abs_section_1840                  1   N/I     0x1840     0x1840   .absSeg86
.abs_section_1841                  1   N/I     0x1841     0x1841   .absSeg87
.abs_section_1842                  1   N/I     0x1842     0x1842   .absSeg88
.abs_section_1844                  1   N/I     0x1844     0x1844   .absSeg89
.abs_section_1845                  1   N/I     0x1845     0x1845   .absSeg90
.abs_section_1846                  1   N/I     0x1846     0x1846   .absSeg91
.abs_section_1848                  1   N/I     0x1848     0x1848   .absSeg92
.abs_section_1849                  1   N/I     0x1849     0x1849   .absSeg93
.abs_section_184a                  1   N/I     0x184A     0x184A   .absSeg94
.abs_section_184c                  1   N/I     0x184C     0x184C   .absSeg95
.abs_section_184d                  1   N/I     0x184D     0x184D   .absSeg96
.abs_section_184e                  1   N/I     0x184E     0x184E   .absSeg97
.abs_section_1850                  1   N/I     0x1850     0x1850   .absSeg98
.abs_section_1851                  1   N/I     0x1851     0x1851   .absSeg99
.abs_section_1852                  1   N/I     0x1852     0x1852   .absSeg100
.abs_section_1854                  1   N/I     0x1854     0x1854   .absSeg101
.abs_section_1855                  1   N/I     0x1855     0x1855   .absSeg102
.abs_section_1856                  1   N/I     0x1856     0x1856   .absSeg103
.abs_section_1858                  1   N/I     0x1858     0x1858   .absSeg104
.abs_section_1859                  1   N/I     0x1859     0x1859   .absSeg105
.abs_section_185a                  1   N/I     0x185A     0x185A   .absSeg106
.abs_section_12                    2   N/I       0x12       0x13   .absSeg107
.abs_section_14                    2   N/I       0x14       0x15   .absSeg108
.abs_section_21                    2   N/I       0x21       0x22   .absSeg109
.abs_section_23                    2   N/I       0x23       0x24   .absSeg110
.abs_section_26                    2   N/I       0x26       0x27   .absSeg111
.abs_section_29                    2   N/I       0x29       0x2A   .absSeg112
.abs_section_2c                    2   N/I       0x2C       0x2D   .absSeg113
.abs_section_2f                    2   N/I       0x2F       0x30   .absSeg114
.abs_section_32                    2   N/I       0x32       0x33   .absSeg115
.abs_section_35                    2   N/I       0x35       0x36   .absSeg116
.abs_section_38                    2   N/I       0x38       0x39   .absSeg117
.abs_section_40                    2   N/I       0x40       0x41   .absSeg118
.abs_section_4c                    2   N/I       0x4C       0x4D   .absSeg119
.abs_section_61                    2   N/I       0x61       0x62   .absSeg120
.abs_section_63                    2   N/I       0x63       0x64   .absSeg121
.abs_section_66                    2   N/I       0x66       0x67   .absSeg122
.abs_section_69                    2   N/I       0x69       0x6A   .absSeg123
.abs_section_1806                  2   N/I     0x1806     0x1807   .absSeg124
.abs_section_1810                  2   N/I     0x1810     0x1811   .absSeg125
.abs_section_1812                  2   N/I     0x1812     0x1813   .absSeg126
.abs_section_1814                  2   N/I     0x1814     0x1815   .absSeg127
.abs_section_1831                  2   N/I     0x1831     0x1832   .absSeg128
.abs_section_1833                  2   N/I     0x1833     0x1834   .absSeg129
.abs_section_1836                  2   N/I     0x1836     0x1837   .absSeg130
.abs_section_1839                  2   N/I     0x1839     0x183A   .absSeg131
.bss                              15   R/W      0x241      0x24F   RAM
.common                           96   R/W      0x250      0x2AF   RAM
.stack                           128   R/W      0x2B0      0x32F   RAM
.vectSeg132_vect                   2     R     0xFFFE     0xFFFF   .vectSeg132

Summary of section sizes per section type:
READ_ONLY (R):        1244 (dec:     4676)
READ_WRITE (R/W):      230 (dec:      560)
NO_INIT (N/I):          99 (dec:      153)

*********************************************************************************************
VECTOR-ALLOCATION SECTION
    Address     InitValue   InitFunction
---------------------------------------------------------------------------------------------
     0xFFFE        0x18DB   _Startup

*********************************************************************************************
OBJECT-ALLOCATION SECTION
     Name               Module                 Addr   hSize   dSize     Ref    Section   RLIB
---------------------------------------------------------------------------------------------
MODULE:                 -- main_c.obj --
- PROCEDURES:
     Request                                   18F2      62      98       1   .text       
     AntiColl                                  1954      D6     214       2   .text       
     Select_Card                               1A2A      8E     142       1   .text       
     write_cmd                                 1AB8      92     146      28   .text       
     read_cmd                                  1B4A      9C     156      17   .text       
     Judge_Req                                 1BE6      24      36       1   .text       
     Check_UID                                 1C0A      23      35       1   .text       
     Save_UID                                  1C2D      CE     206       2   .text       
     Set_BitFraming                            1CFB      90     144       1   .text       
     FM1702_Bus_Sel                            1D8B      2F      47       1   .text       
     Init_FM1702                               1DBA      87     135       2   .text       
     Read_FIFO                                 1E41      35      53       3   .text       
     Write_FIFO                                1E76      25      37       1   .text       
     Clear_FIFO                                1E9B      30      48       1   .text       
     Command_Send                              1ECB      62      98       3   .text       
     UART2_ASW                                 1F2D      45      69       6   .text       
     UART2_menci_open                          1F72      49      73       2   .text       
     UART2_menci_close                         1FBB      49      73       2   .text       
     UART2_renti_come                          2004      48      72       1   .text       
     UART2_renti_go                            204C      48      72       1   .text       
     UART2_Ext_Power_Status                    2094      47      71       1   .text       
     Check_Ext_Power_Status                    20DB      1F      31       1   .text       
     port_init                                 20FA      5F      95       1   .text       
     MCUinit                                   2159      4D      77       1   .text       
     Delay_us                                  21A6      14      20       2   .text       
     Delay_ms10                                21BA      22      34       2   .text       
     uart2_send                                21DC      4E      78       9   .text       
     Start_Heat1                               222A       5       5       2   .text       
     Stop_Heat1                                222F       5       5       4   .text       
     T2                                        2234      A1     161       1   .text       
     SCI2_ERROR                                22D5       5       5       1   .text       
     SCI2_R                                    22DA      7F     127       1   .text       
     SCI2_T                                    2359      1C      28       1   .text       
     Find_card                                 2375      21      33       1   .text       
     UART2_kaimen                              2396      47      71       1   .text       
     Read_temprature                           23DD      A9     169       2   .text       
     Heat                                      2486      57      87       1   .text       
     UART2_test                                24DD      6A     106       1   .text       
     main                                      2547     21F     543       4   .text       
- VARIABLES:
     temp_mv                                    100     140     320       1   .data       
     g_key1_times                               240       1       1       5   .data       
     g_uart2_index                              241       1       1      10   .bss        
     g_cmd_received                             242       1       1       4   .bss        
     card_find                                  243       1       1       3   .bss        
     alerted                                    244       1       1       3   .bss        
     cpu_reset_s                                245       2       2       2   .bss        
     g_temprature                               247       1       1       5   .bss        
     g_temprature1                              248       1       1       3   .bss        
     g_temprature2                              249       1       1       3   .bss        
     G_HEAT1                                    24A       1       1       2   .bss        
     G_HEAT1_T                                  24B       1       1       2   .bss        
     g_heat_now                                 24C       1       1       4   .bss        
     g_testing                                  24D       1       1       4   .bss        
     re_menci                                   24E       1       1       4   .bss        
     sec                                        24F       1       1       3   .bss        
     _Vector_14                                FFE2       2       2       0   .abs_section_ffe2
     _Vector_19                                FFD8       2       2       0   .abs_section_ffd8
     _Vector_20                                FFD6       2       2       0   .abs_section_ffd6
     _Vector_21                                FFD4       2       2       0   .abs_section_ffd4
     tagtype                                    250       2       2       2   .common     
     buffer                                     252      14      20      25   .common     
     UID                                        266       5       5       8   .common     
     mark_pwd_set                               26B       1       1       1   .common     
     g_rcvbuf                                   26C      1E      30      18   .common     
     g_rcvnum                                   28A       1       1      10   .common     
     g_rcvbcc                                   28B       1       1       4   .common     
     g_sendbuf                                  28C      18      24      73   .common     
     g_sendnum                                  2A4       1       1       3   .common     
     time_s                                     2A5       1       1       1   .common     
     rsv_AA                                     2A6       1       1       2   .common     
     time_ms10                                  2A7       1       1       5   .common     
     card_ms10                                  2A8       1       1       4   .common     
     rt_2s                                      2A9       2       2       7   .common     
     rt_340                                     2AB       2       2       6   .common     
     RT_FS_C1_g0                                2AD       1       1       2   .common     
     hl_chngbz                                  2AE       1       1       4   .common     
     led_rtdsp                                  2AF       1       1       5   .common     
MODULE:                 -- start08_c.obj --
- PROCEDURES:
     loadByte                                  1860       E      14       5   .init       
     Init                                      186E      6D     109       1   .init       
     _Startup                                  18DB       9       9       0   .init       
- VARIABLES:
     _startupData                              18E4       6       6       4   .startData  
- LABELS:
     __SEG_END_SSTACK                           330       0       0       1               
MODULE:                 -- mc9s08ac60_c.obj --
- PROCEDURES:
- VARIABLES:
     _PTAD                                        0       1       1       5   .abs_section_0
     _PTADD                                       1       1       1       4   .abs_section_1
     _PTBD                                        2       1       1      41   .abs_section_2
     _PTBDD                                       3       1       1       1   .abs_section_3
     _PTCD                                        4       1       1       5   .abs_section_4
     _PTCDD                                       5       1       1       3   .abs_section_5
     _PTDD                                        6       1       1       3   .abs_section_6
     _PTDDD                                       7       1       1       3   .abs_section_7
     _PTED                                        8       1       1       1   .abs_section_8
     _PTEDD                                       9       1       1       1   .abs_section_9
     _PTFD                                        A       1       1       2   .abs_section_a
     _PTFDD                                       B       1       1       1   .abs_section_b
     _PTGD                                        C       1       1       9   .abs_section_c
     _PTGDD                                       D       1       1       1   .abs_section_d
     _ADC1SC1                                    10       1       1       2   .abs_section_10
     _ADC1SC2                                    11       1       1       0   .abs_section_11
     _ADC1CFG                                    16       1       1       1   .abs_section_16
     _APCTL1                                     17       1       1       0   .abs_section_17
     _APCTL2                                     18       1       1       0   .abs_section_18
     _IRQSC                                      1C       1       1       0   .abs_section_1c
     _KBISC                                      1E       1       1       0   .abs_section_1e
     _KBIPE                                      1F       1       1       0   .abs_section_1f
     _TPM1SC                                     20       1       1       0   .abs_section_20
     _TPM1C0SC                                   25       1       1       0   .abs_section_25
     _TPM1C1SC                                   28       1       1       0   .abs_section_28
     _TPM1C2SC                                   2B       1       1       0   .abs_section_2b
     _TPM1C3SC                                   2E       1       1       0   .abs_section_2e
     _TPM1C4SC                                   31       1       1       0   .abs_section_31
     _TPM1C5SC                                   34       1       1       0   .abs_section_34
     _SCI1C1                                     3A       1       1       0   .abs_section_3a
     _SCI1C2                                     3B       1       1       0   .abs_section_3b
     _SCI1S1                                     3C       1       1       0   .abs_section_3c
     _SCI1S2                                     3D       1       1       0   .abs_section_3d
     _SCI1C3                                     3E       1       1       0   .abs_section_3e
     _SCI1D                                      3F       1       1       0   .abs_section_3f
     _SCI2C1                                     42       1       1       1   .abs_section_42
     _SCI2C2                                     43       1       1       4   .abs_section_43
     _SCI2S1                                     44       1       1       5   .abs_section_44
     _SCI2S2                                     45       1       1       1   .abs_section_45
     _SCI2C3                                     46       1       1       2   .abs_section_46
     _SCI2D                                      47       1       1       3   .abs_section_47
     _ICGC1                                      48       1       1       1   .abs_section_48
     _ICGC2                                      49       1       1       1   .abs_section_49
     _ICGS1                                      4A       1       1       2   .abs_section_4a
     _ICGS2                                      4B       1       1       0   .abs_section_4b
     _ICGTRM                                     4E       1       1       0   .abs_section_4e
     _SPI1C1                                     50       1       1       0   .abs_section_50
     _SPI1C2                                     51       1       1       0   .abs_section_51
     _SPI1BR                                     52       1       1       0   .abs_section_52
     _SPI1S                                      53       1       1       0   .abs_section_53
     _SPI1D                                      55       1       1       0   .abs_section_55
     _CRCH                                       56       1       1       0   .abs_section_56
     _CRCL                                       57       1       1       0   .abs_section_57
     _IIC1A                                      58       1       1       0   .abs_section_58
     _IIC1F                                      59       1       1       0   .abs_section_59
     _IIC1C1                                     5A       1       1       0   .abs_section_5a
     _IIC1S                                      5B       1       1       0   .abs_section_5b
     _IIC1D                                      5C       1       1       0   .abs_section_5c
     _IIC1C2                                     5D       1       1       0   .abs_section_5d
     _TPM2SC                                     60       1       1       6   .abs_section_60
     _TPM2C0SC                                   65       1       1       1   .abs_section_65
     _TPM2C1SC                                   68       1       1       1   .abs_section_68
     _SRS                                      1800       1       1      13   .abs_section_1800
     _SBDFR                                    1801       1       1       0   .abs_section_1801
     _SOPT                                     1802       1       1       1   .abs_section_1802
     _SMCLK                                    1803       1       1       0   .abs_section_1803
     _SRTISC                                   1808       1       1       0   .abs_section_1808
     _SPMSC1                                   1809       1       1       1   .abs_section_1809
     _SPMSC2                                   180A       1       1       1   .abs_section_180a
     _SOPT2                                    180C       1       1       0   .abs_section_180c
     _DBGC                                     1816       1       1       0   .abs_section_1816
     _DBGT                                     1817       1       1       0   .abs_section_1817
     _DBGS                                     1818       1       1       0   .abs_section_1818
     _FCDIV                                    1820       1       1       0   .abs_section_1820
     _FOPT                                     1821       1       1       0   .abs_section_1821
     _FCNFG                                    1823       1       1       0   .abs_section_1823
     _FPROT                                    1824       1       1       0   .abs_section_1824
     _FSTAT                                    1825       1       1       0   .abs_section_1825
     _FCMD                                     1826       1       1       0   .abs_section_1826
     _TPM3SC                                   1830       1       1       0   .abs_section_1830
     _TPM3C0SC                                 1835       1       1       0   .abs_section_1835
     _TPM3C1SC                                 1838       1       1       0   .abs_section_1838
     _PTAPE                                    1840       1       1       1   .abs_section_1840
     _PTASE                                    1841       1       1       1   .abs_section_1841
     _PTADS                                    1842       1       1       0   .abs_section_1842
     _PTBPE                                    1844       1       1       1   .abs_section_1844
     _PTBSE                                    1845       1       1       1   .abs_section_1845
     _PTBDS                                    1846       1       1       0   .abs_section_1846
     _PTCPE                                    1848       1       1       1   .abs_section_1848
     _PTCSE                                    1849       1       1       1   .abs_section_1849
     _PTCDS                                    184A       1       1       0   .abs_section_184a
     _PTDPE                                    184C       1       1       1   .abs_section_184c
     _PTDSE                                    184D       1       1       1   .abs_section_184d
     _PTDDS                                    184E       1       1       0   .abs_section_184e
     _PTEPE                                    1850       1       1       1   .abs_section_1850
     _PTESE                                    1851       1       1       1   .abs_section_1851
     _PTEDS                                    1852       1       1       0   .abs_section_1852
     _PTFPE                                    1854       1       1       1   .abs_section_1854
     _PTFSE                                    1855       1       1       1   .abs_section_1855
     _PTFDS                                    1856       1       1       0   .abs_section_1856
     _PTGPE                                    1858       1       1       1   .abs_section_1858
     _PTGSE                                    1859       1       1       1   .abs_section_1859
     _PTGDS                                    185A       1       1       0   .abs_section_185a
     _ADC1R                                      12       2       2       1   .abs_section_12
     _ADC1CV                                     14       2       2       0   .abs_section_14
     _TPM1CNT                                    21       2       2       0   .abs_section_21
     _TPM1MOD                                    23       2       2       0   .abs_section_23
     _TPM1C0V                                    26       2       2       0   .abs_section_26
     _TPM1C1V                                    29       2       2       0   .abs_section_29
     _TPM1C2V                                    2C       2       2       0   .abs_section_2c
     _TPM1C3V                                    2F       2       2       0   .abs_section_2f
     _TPM1C4V                                    32       2       2       0   .abs_section_32
     _TPM1C5V                                    35       2       2       0   .abs_section_35
     _SCI1BD                                     38       2       2       0   .abs_section_38
     _SCI2BD                                     40       2       2       2   .abs_section_40
     _ICGFLT                                     4C       2       2       0   .abs_section_4c
     _TPM2CNT                                    61       2       2       0   .abs_section_61
     _TPM2MOD                                    63       2       2       2   .abs_section_63
     _TPM2C0V                                    66       2       2       0   .abs_section_66
     _TPM2C1V                                    69       2       2       0   .abs_section_69
     _SDID                                     1806       2       2       0   .abs_section_1806
     _DBGCA                                    1810       2       2       0   .abs_section_1810
     _DBGCB                                    1812       2       2       0   .abs_section_1812
     _DBGF                                     1814       2       2       0   .abs_section_1814
     _TPM3CNT                                  1831       2       2       0   .abs_section_1831
     _TPM3MOD                                  1833       2       2       0   .abs_section_1833
     _TPM3C0V                                  1836       2       2       0   .abs_section_1836
     _TPM3C1V                                  1839       2       2       0   .abs_section_1839
MODULE:                 -- rtshc08.o (ansiis.lib) --
- PROCEDURES:
     _PUSH_ARGS_L                              2766      20      32       2   .text       
     _ENTER_UNARY_L                            2786      29      41       1   .text       
     _ENTER_BINARY_L                           27AF      16      22       1   .text       
     _ENTER_BINARY_L_RC                        27C5      19      25       2   .text       
     _LADD_k_is_k_plus_j                       27DE      1F      31       1   .text       
     _LDIVMOD                                  27FD      A4     164       1   .text       
     _LDIVU_k_is_k_div_j                       28A1      17      23       1   .text       
     _LCMP_k_rel_j                             28B8      1F      31       1   .text       
     _ICMP                                     28D7      16      22       1   .text       
     _LINC                                     28ED      16      22       1   .text       
     _LADD                                     2903       6       6       1   .text       
     _LDIVU_RC                                 2909       6       6       1   .text       
     _LCMP_RC                                  290F       6       6       1   .text       
     _POP32                                    2915      1A      26       2   .text       
     _Jump_Table_Header_Offset                 292F      24      36       3   .text       
- VARIABLES:

*********************************************************************************************
MODULE STATISTIC
  Name                                      Data   Code  Const
---------------------------------------------------------------------------------------------
  main_c.obj                                 432   3700      8
  start08_c.obj                                0    132      0
  mc9s08ac60_c.obj                           153      0      0
  rtshc08.o (ansiis.lib)                       0    493      0
  other                                      128     16    327

*********************************************************************************************
SECTION USE IN OBJECT-ALLOCATION SECTION
---------------------------------------------------------------------------------------------
SECTION: ".text"
  Request AntiColl Select_Card write_cmd read_cmd Judge_Req Check_UID Save_UID 
  Set_BitFraming FM1702_Bus_Sel Init_FM1702 Read_FIFO Write_FIFO Clear_FIFO 
  Command_Send UART2_ASW UART2_menci_open UART2_menci_close UART2_renti_come 
  UART2_renti_go UART2_Ext_Power_Status Check_Ext_Power_Status port_init 
  MCUinit Delay_us Delay_ms10 uart2_send Start_Heat1 Stop_Heat1 T2 SCI2_ERROR 
  SCI2_R SCI2_T Find_card UART2_kaimen Read_temprature Heat UART2_test main 
  _PUSH_ARGS_L _ENTER_UNARY_L _ENTER_BINARY_L _ENTER_BINARY_L_RC 
  _LADD_k_is_k_plus_j _LDIVMOD _LDIVU_k_is_k_div_j _LCMP_k_rel_j _ICMP _LINC 
  _LADD _LDIVU_RC _LCMP_RC _POP32 _Jump_Table_Header_Offset 
SECTION: ".data"
  temp_mv g_key1_times 
SECTION: ".bss"
  g_uart2_index g_cmd_received card_find alerted cpu_reset_s g_temprature 
  g_temprature1 g_temprature2 G_HEAT1 G_HEAT1_T g_heat_now g_testing re_menci 
  sec 
SECTION: ".init"
  loadByte Init _Startup 
SECTION: ".abs_section_ffe2"
  _Vector_14 
SECTION: ".abs_section_ffd8"
  _Vector_19 
SECTION: ".abs_section_ffd6"
  _Vector_20 
SECTION: ".abs_section_ffd4"
  _Vector_21 
SECTION: ".common"
  tagtype buffer UID mark_pwd_set g_rcvbuf g_rcvnum g_rcvbcc g_sendbuf 
  g_sendnum time_s rsv_AA time_ms10 card_ms10 rt_2s rt_340 RT_FS_C1_g0 
  hl_chngbz led_rtdsp 
SECTION: ".abs_section_0"
  _PTAD 
SECTION: ".abs_section_1"
  _PTADD 
SECTION: ".abs_section_2"
  _PTBD 
SECTION: ".abs_section_3"
  _PTBDD 
SECTION: ".abs_section_4"
  _PTCD 
SECTION: ".abs_section_5"
  _PTCDD 
SECTION: ".abs_section_6"
  _PTDD 
SECTION: ".abs_section_7"
  _PTDDD 
SECTION: ".abs_section_8"
  _PTED 
SECTION: ".abs_section_9"
  _PTEDD 
SECTION: ".abs_section_a"
  _PTFD 
SECTION: ".abs_section_b"
  _PTFDD 
SECTION: ".abs_section_c"
  _PTGD 
SECTION: ".abs_section_d"
  _PTGDD 
SECTION: ".abs_section_10"
  _ADC1SC1 
SECTION: ".abs_section_11"
  _ADC1SC2 
SECTION: ".abs_section_16"
  _ADC1CFG 
SECTION: ".abs_section_17"
  _APCTL1 
SECTION: ".abs_section_18"
  _APCTL2 
SECTION: ".abs_section_1c"
  _IRQSC 
SECTION: ".abs_section_1e"
  _KBISC 
SECTION: ".abs_section_1f"
  _KBIPE 
SECTION: ".abs_section_20"
  _TPM1SC 
SECTION: ".abs_section_25"
  _TPM1C0SC 
SECTION: ".abs_section_28"
  _TPM1C1SC 
SECTION: ".abs_section_2b"
  _TPM1C2SC 
SECTION: ".abs_section_2e"
  _TPM1C3SC 
SECTION: ".abs_section_31"
  _TPM1C4SC 
SECTION: ".abs_section_34"
  _TPM1C5SC 
SECTION: ".abs_section_3a"
  _SCI1C1 
SECTION: ".abs_section_3b"
  _SCI1C2 
SECTION: ".abs_section_3c"
  _SCI1S1 
SECTION: ".abs_section_3d"
  _SCI1S2 
SECTION: ".abs_section_3e"
  _SCI1C3 
SECTION: ".abs_section_3f"
  _SCI1D 
SECTION: ".abs_section_42"
  _SCI2C1 
SECTION: ".abs_section_43"
  _SCI2C2 
SECTION: ".abs_section_44"
  _SCI2S1 
SECTION: ".abs_section_45"
  _SCI2S2 
SECTION: ".abs_section_46"
  _SCI2C3 
SECTION: ".abs_section_47"
  _SCI2D 
SECTION: ".abs_section_48"
  _ICGC1 
SECTION: ".abs_section_49"
  _ICGC2 
SECTION: ".abs_section_4a"
  _ICGS1 
SECTION: ".abs_section_4b"
  _ICGS2 
SECTION: ".abs_section_4e"
  _ICGTRM 
SECTION: ".abs_section_50"
  _SPI1C1 
SECTION: ".abs_section_51"
  _SPI1C2 
SECTION: ".abs_section_52"
  _SPI1BR 
SECTION: ".abs_section_53"
  _SPI1S 
SECTION: ".abs_section_55"
  _SPI1D 
SECTION: ".abs_section_56"
  _CRCH 
SECTION: ".abs_section_57"
  _CRCL 
SECTION: ".abs_section_58"
  _IIC1A 
SECTION: ".abs_section_59"
  _IIC1F 
SECTION: ".abs_section_5a"
  _IIC1C1 
SECTION: ".abs_section_5b"
  _IIC1S 
SECTION: ".abs_section_5c"
  _IIC1D 
SECTION: ".abs_section_5d"
  _IIC1C2 
SECTION: ".abs_section_60"
  _TPM2SC 
SECTION: ".abs_section_65"
  _TPM2C0SC 
SECTION: ".abs_section_68"
  _TPM2C1SC 
SECTION: ".abs_section_1800"
  _SRS 
SECTION: ".abs_section_1801"
  _SBDFR 
SECTION: ".abs_section_1802"
  _SOPT 
SECTION: ".abs_section_1803"
  _SMCLK 
SECTION: ".abs_section_1808"
  _SRTISC 
SECTION: ".abs_section_1809"
  _SPMSC1 
SECTION: ".abs_section_180a"
  _SPMSC2 
SECTION: ".abs_section_180c"
  _SOPT2 
SECTION: ".abs_section_1816"
  _DBGC 
SECTION: ".abs_section_1817"
  _DBGT 
SECTION: ".abs_section_1818"
  _DBGS 
SECTION: ".abs_section_1820"
  _FCDIV 
SECTION: ".abs_section_1821"
  _FOPT 
SECTION: ".abs_section_1823"
  _FCNFG 
SECTION: ".abs_section_1824"
  _FPROT 
SECTION: ".abs_section_1825"
  _FSTAT 
SECTION: ".abs_section_1826"
  _FCMD 
SECTION: ".abs_section_1830"
  _TPM3SC 
SECTION: ".abs_section_1835"
  _TPM3C0SC 
SECTION: ".abs_section_1838"
  _TPM3C1SC 
SECTION: ".abs_section_1840"
  _PTAPE 
SECTION: ".abs_section_1841"
  _PTASE 
SECTION: ".abs_section_1842"
  _PTADS 
SECTION: ".abs_section_1844"
  _PTBPE 
SECTION: ".abs_section_1845"
  _PTBSE 
SECTION: ".abs_section_1846"
  _PTBDS 
SECTION: ".abs_section_1848"
  _PTCPE 
SECTION: ".abs_section_1849"
  _PTCSE 
SECTION: ".abs_section_184a"
  _PTCDS 
SECTION: ".abs_section_184c"
  _PTDPE 
SECTION: ".abs_section_184d"
  _PTDSE 
SECTION: ".abs_section_184e"
  _PTDDS 
SECTION: ".abs_section_1850"
  _PTEPE 
SECTION: ".abs_section_1851"
  _PTESE 
SECTION: ".abs_section_1852"
  _PTEDS 
SECTION: ".abs_section_1854"
  _PTFPE 
SECTION: ".abs_section_1855"
  _PTFSE 
SECTION: ".abs_section_1856"
  _PTFDS 
SECTION: ".abs_section_1858"
  _PTGPE 
SECTION: ".abs_section_1859"
  _PTGSE 
SECTION: ".abs_section_185a"
  _PTGDS 
SECTION: ".abs_section_12"
  _ADC1R 
SECTION: ".abs_section_14"
  _ADC1CV 
SECTION: ".abs_section_21"
  _TPM1CNT 
SECTION: ".abs_section_23"
  _TPM1MOD 
SECTION: ".abs_section_26"
  _TPM1C0V 
SECTION: ".abs_section_29"
  _TPM1C1V 
SECTION: ".abs_section_2c"
  _TPM1C2V 
SECTION: ".abs_section_2f"
  _TPM1C3V 
SECTION: ".abs_section_32"
  _TPM1C4V 
SECTION: ".abs_section_35"
  _TPM1C5V 
SECTION: ".abs_section_38"
  _SCI1BD 
SECTION: ".abs_section_40"
  _SCI2BD 
SECTION: ".abs_section_4c"
  _ICGFLT 
SECTION: ".abs_section_61"
  _TPM2CNT 
SECTION: ".abs_section_63"
  _TPM2MOD 
SECTION: ".abs_section_66"
  _TPM2C0V 
SECTION: ".abs_section_69"
  _TPM2C1V 
SECTION: ".abs_section_1806"
  _SDID 
SECTION: ".abs_section_1810"
  _DBGCA 
SECTION: ".abs_section_1812"
  _DBGCB 
SECTION: ".abs_section_1814"
  _DBGF 
SECTION: ".abs_section_1831"
  _TPM3CNT 
SECTION: ".abs_section_1833"
  _TPM3MOD 
SECTION: ".abs_section_1836"
  _TPM3C0V 
SECTION: ".abs_section_1839"
  _TPM3C1V 

*********************************************************************************************
OBJECT LIST SORTED BY ADDRESS
     Name                                      Addr   hSize   dSize     Ref    Section   RLIB
---------------------------------------------------------------------------------------------
     _PTAD                                        0       1       1       5   .abs_section_0
     _PTADD                                       1       1       1       4   .abs_section_1
     _PTBD                                        2       1       1      41   .abs_section_2
     _PTBDD                                       3       1       1       1   .abs_section_3
     _PTCD                                        4       1       1       5   .abs_section_4
     _PTCDD                                       5       1       1       3   .abs_section_5
     _PTDD                                        6       1       1       3   .abs_section_6
     _PTDDD                                       7       1       1       3   .abs_section_7
     _PTED                                        8       1       1       1   .abs_section_8
     _PTEDD                                       9       1       1       1   .abs_section_9
     _PTFD                                        A       1       1       2   .abs_section_a
     _PTFDD                                       B       1       1       1   .abs_section_b
     _PTGD                                        C       1       1       9   .abs_section_c
     _PTGDD                                       D       1       1       1   .abs_section_d
     _ADC1SC1                                    10       1       1       2   .abs_section_10
     _ADC1SC2                                    11       1       1       0   .abs_section_11
     _ADC1R                                      12       2       2       1   .abs_section_12
     _ADC1CV                                     14       2       2       0   .abs_section_14
     _ADC1CFG                                    16       1       1       1   .abs_section_16
     _APCTL1                                     17       1       1       0   .abs_section_17
     _APCTL2                                     18       1       1       0   .abs_section_18
     _IRQSC                                      1C       1       1       0   .abs_section_1c
     _KBISC                                      1E       1       1       0   .abs_section_1e
     _KBIPE                                      1F       1       1       0   .abs_section_1f
     _TPM1SC                                     20       1       1       0   .abs_section_20
     _TPM1CNT                                    21       2       2       0   .abs_section_21
     _TPM1MOD                                    23       2       2       0   .abs_section_23
     _TPM1C0SC                                   25       1       1       0   .abs_section_25
     _TPM1C0V                                    26       2       2       0   .abs_section_26
     _TPM1C1SC                                   28       1       1       0   .abs_section_28
     _TPM1C1V                                    29       2       2       0   .abs_section_29
     _TPM1C2SC                                   2B       1       1       0   .abs_section_2b
     _TPM1C2V                                    2C       2       2       0   .abs_section_2c
     _TPM1C3SC                                   2E       1       1       0   .abs_section_2e
     _TPM1C3V                                    2F       2       2       0   .abs_section_2f
     _TPM1C4SC                                   31       1       1       0   .abs_section_31
     _TPM1C4V                                    32       2       2       0   .abs_section_32
     _TPM1C5SC                                   34       1       1       0   .abs_section_34
     _TPM1C5V                                    35       2       2       0   .abs_section_35
     _SCI1BD                                     38       2       2       0   .abs_section_38
     _SCI1C1                                     3A       1       1       0   .abs_section_3a
     _SCI1C2                                     3B       1       1       0   .abs_section_3b
     _SCI1S1                                     3C       1       1       0   .abs_section_3c
     _SCI1S2                                     3D       1       1       0   .abs_section_3d
     _SCI1C3                                     3E       1       1       0   .abs_section_3e
     _SCI1D                                      3F       1       1       0   .abs_section_3f
     _SCI2BD                                     40       2       2       2   .abs_section_40
     _SCI2C1                                     42       1       1       1   .abs_section_42
     _SCI2C2                                     43       1       1       4   .abs_section_43
     _SCI2S1                                     44       1       1       5   .abs_section_44
     _SCI2S2                                     45       1       1       1   .abs_section_45
     _SCI2C3                                     46       1       1       2   .abs_section_46
     _SCI2D                                      47       1       1       3   .abs_section_47
     _ICGC1                                      48       1       1       1   .abs_section_48
     _ICGC2                                      49       1       1       1   .abs_section_49
     _ICGS1                                      4A       1       1       2   .abs_section_4a
     _ICGS2                                      4B       1       1       0   .abs_section_4b
     _ICGFLT                                     4C       2       2       0   .abs_section_4c
     _ICGTRM                                     4E       1       1       0   .abs_section_4e
     _SPI1C1                                     50       1       1       0   .abs_section_50
     _SPI1C2                                     51       1       1       0   .abs_section_51
     _SPI1BR                                     52       1       1       0   .abs_section_52
     _SPI1S                                      53       1       1       0   .abs_section_53
     _SPI1D                                      55       1       1       0   .abs_section_55
     _CRCH                                       56       1       1       0   .abs_section_56
     _CRCL                                       57       1       1       0   .abs_section_57
     _IIC1A                                      58       1       1       0   .abs_section_58
     _IIC1F                                      59       1       1       0   .abs_section_59
     _IIC1C1                                     5A       1       1       0   .abs_section_5a
     _IIC1S                                      5B       1       1       0   .abs_section_5b
     _IIC1D                                      5C       1       1       0   .abs_section_5c
     _IIC1C2                                     5D       1       1       0   .abs_section_5d
     _TPM2SC                                     60       1       1       6   .abs_section_60
     _TPM2CNT                                    61       2       2       0   .abs_section_61
     _TPM2MOD                                    63       2       2       2   .abs_section_63
     _TPM2C0SC                                   65       1       1       1   .abs_section_65
     _TPM2C0V                                    66       2       2       0   .abs_section_66
     _TPM2C1SC                                   68       1       1       1   .abs_section_68
     _TPM2C1V                                    69       2       2       0   .abs_section_69
     temp_mv                                    100     140     320       1   .data       
     g_key1_times                               240       1       1       5   .data       
     g_uart2_index                              241       1       1      10   .bss        
     g_cmd_received                             242       1       1       4   .bss        
     card_find                                  243       1       1       3   .bss        
     alerted                                    244       1       1       3   .bss        
     cpu_reset_s                                245       2       2       2   .bss        
     g_temprature                               247       1       1       5   .bss        
     g_temprature1                              248       1       1       3   .bss        
     g_temprature2                              249       1       1       3   .bss        
     G_HEAT1                                    24A       1       1       2   .bss        
     G_HEAT1_T                                  24B       1       1       2   .bss        
     g_heat_now                                 24C       1       1       4   .bss        
     g_testing                                  24D       1       1       4   .bss        
     re_menci                                   24E       1       1       4   .bss        
     sec                                        24F       1       1       3   .bss        
     tagtype                                    250       2       2       2   .common     
     buffer                                     252      14      20      25   .common     
     UID                                        266       5       5       8   .common     
     mark_pwd_set                               26B       1       1       1   .common     
     g_rcvbuf                                   26C      1E      30      18   .common     
     g_rcvnum                                   28A       1       1      10   .common     
     g_rcvbcc                                   28B       1       1       4   .common     
     g_sendbuf                                  28C      18      24      73   .common     
     g_sendnum                                  2A4       1       1       3   .common     
     time_s                                     2A5       1       1       1   .common     
     rsv_AA                                     2A6       1       1       2   .common     
     time_ms10                                  2A7       1       1       5   .common     
     card_ms10                                  2A8       1       1       4   .common     
     rt_2s                                      2A9       2       2       7   .common     
     rt_340                                     2AB       2       2       6   .common     
     RT_FS_C1_g0                                2AD       1       1       2   .common     
     hl_chngbz                                  2AE       1       1       4   .common     
     led_rtdsp                                  2AF       1       1       5   .common     
     _SRS                                      1800       1       1      13   .abs_section_1800
     _SBDFR                                    1801       1       1       0   .abs_section_1801
     _SOPT                                     1802       1       1       1   .abs_section_1802
     _SMCLK                                    1803       1       1       0   .abs_section_1803
     _SDID                                     1806       2       2       0   .abs_section_1806
     _SRTISC                                   1808       1       1       0   .abs_section_1808
     _SPMSC1                                   1809       1       1       1   .abs_section_1809
     _SPMSC2                                   180A       1       1       1   .abs_section_180a
     _SOPT2                                    180C       1       1       0   .abs_section_180c
     _DBGCA                                    1810       2       2       0   .abs_section_1810
     _DBGCB                                    1812       2       2       0   .abs_section_1812
     _DBGF                                     1814       2       2       0   .abs_section_1814
     _DBGC                                     1816       1       1       0   .abs_section_1816
     _DBGT                                     1817       1       1       0   .abs_section_1817
     _DBGS                                     1818       1       1       0   .abs_section_1818
     _FCDIV                                    1820       1       1       0   .abs_section_1820
     _FOPT                                     1821       1       1       0   .abs_section_1821
     _FCNFG                                    1823       1       1       0   .abs_section_1823
     _FPROT                                    1824       1       1       0   .abs_section_1824
     _FSTAT                                    1825       1       1       0   .abs_section_1825
     _FCMD                                     1826       1       1       0   .abs_section_1826
     _TPM3SC                                   1830       1       1       0   .abs_section_1830
     _TPM3CNT                                  1831       2       2       0   .abs_section_1831
     _TPM3MOD                                  1833       2       2       0   .abs_section_1833
     _TPM3C0SC                                 1835       1       1       0   .abs_section_1835
     _TPM3C0V                                  1836       2       2       0   .abs_section_1836
     _TPM3C1SC                                 1838       1       1       0   .abs_section_1838
     _TPM3C1V                                  1839       2       2       0   .abs_section_1839
     _PTAPE                                    1840       1       1       1   .abs_section_1840
     _PTASE                                    1841       1       1       1   .abs_section_1841
     _PTADS                                    1842       1       1       0   .abs_section_1842
     _PTBPE                                    1844       1       1       1   .abs_section_1844
     _PTBSE                                    1845       1       1       1   .abs_section_1845
     _PTBDS                                    1846       1       1       0   .abs_section_1846
     _PTCPE                                    1848       1       1       1   .abs_section_1848
     _PTCSE                                    1849       1       1       1   .abs_section_1849
     _PTCDS                                    184A       1       1       0   .abs_section_184a
     _PTDPE                                    184C       1       1       1   .abs_section_184c
     _PTDSE                                    184D       1       1       1   .abs_section_184d
     _PTDDS                                    184E       1       1       0   .abs_section_184e
     _PTEPE                                    1850       1       1       1   .abs_section_1850
     _PTESE                                    1851       1       1       1   .abs_section_1851
     _PTEDS                                    1852       1       1       0   .abs_section_1852
     _PTFPE                                    1854       1       1       1   .abs_section_1854
     _PTFSE                                    1855       1       1       1   .abs_section_1855
     _PTFDS                                    1856       1       1       0   .abs_section_1856
     _PTGPE                                    1858       1       1       1   .abs_section_1858
     _PTGSE                                    1859       1       1       1   .abs_section_1859
     _PTGDS                                    185A       1       1       0   .abs_section_185a
     loadByte                                  1860       E      14       5   .init       
     Init                                      186E      6D     109       1   .init       
     _Startup                                  18DB       9       9       0   .init       
     Request                                   18F2      62      98       1   .text       
     AntiColl                                  1954      D6     214       2   .text       
     Select_Card                               1A2A      8E     142       1   .text       
     write_cmd                                 1AB8      92     146      28   .text       
     read_cmd                                  1B4A      9C     156      17   .text       
     Judge_Req                                 1BE6      24      36       1   .text       
     Check_UID                                 1C0A      23      35       1   .text       
     Save_UID                                  1C2D      CE     206       2   .text       
     Set_BitFraming                            1CFB      90     144       1   .text       
     FM1702_Bus_Sel                            1D8B      2F      47       1   .text       
     Init_FM1702                               1DBA      87     135       2   .text       
     Read_FIFO                                 1E41      35      53       3   .text       
     Write_FIFO                                1E76      25      37       1   .text       
     Clear_FIFO                                1E9B      30      48       1   .text       
     Command_Send                              1ECB      62      98       3   .text       
     UART2_ASW                                 1F2D      45      69       6   .text       
     UART2_menci_open                          1F72      49      73       2   .text       
     UART2_menci_close                         1FBB      49      73       2   .text       
     UART2_renti_come                          2004      48      72       1   .text       
     UART2_renti_go                            204C      48      72       1   .text       
     UART2_Ext_Power_Status                    2094      47      71       1   .text       
     Check_Ext_Power_Status                    20DB      1F      31       1   .text       
     port_init                                 20FA      5F      95       1   .text       
     MCUinit                                   2159      4D      77       1   .text       
     Delay_us                                  21A6      14      20       2   .text       
     Delay_ms10                                21BA      22      34       2   .text       
     uart2_send                                21DC      4E      78       9   .text       
     Start_Heat1                               222A       5       5       2   .text       
     Stop_Heat1                                222F       5       5       4   .text       
     T2                                        2234      A1     161       1   .text       
     SCI2_ERROR                                22D5       5       5       1   .text       
     SCI2_R                                    22DA      7F     127       1   .text       
     SCI2_T                                    2359      1C      28       1   .text       
     Find_card                                 2375      21      33       1   .text       
     UART2_kaimen                              2396      47      71       1   .text       
     Read_temprature                           23DD      A9     169       2   .text       
     Heat                                      2486      57      87       1   .text       
     UART2_test                                24DD      6A     106       1   .text       
     main                                      2547     21F     543       4   .text       
     _PUSH_ARGS_L                              2766      20      32       2   .text       
     _ENTER_UNARY_L                            2786      29      41       1   .text       
     _ENTER_BINARY_L                           27AF      16      22       1   .text       
     _ENTER_BINARY_L_RC                        27C5      19      25       2   .text       
     _LADD_k_is_k_plus_j                       27DE      1F      31       1   .text       
     _LDIVMOD                                  27FD      A4     164       1   .text       
     _LDIVU_k_is_k_div_j                       28A1      17      23       1   .text       
     _LCMP_k_rel_j                             28B8      1F      31       1   .text       
     _ICMP                                     28D7      16      22       1   .text       
     _LINC                                     28ED      16      22       1   .text       
     _LADD                                     2903       6       6       1   .text       
     _LDIVU_RC                                 2909       6       6       1   .text       
     _LCMP_RC                                  290F       6       6       1   .text       
     _POP32                                    2915      1A      26       2   .text       
     _Jump_Table_Header_Offset                 292F      24      36       3   .text       
     _Vector_21                                FFD4       2       2       0   .abs_section_ffd4
     _Vector_20                                FFD6       2       2       0   .abs_section_ffd6
     _Vector_19                                FFD8       2       2       0   .abs_section_ffd8
     _Vector_14                                FFE2       2       2       0   .abs_section_ffe2

*********************************************************************************************
UNUSED-OBJECTS SECTION
---------------------------------------------------------------------------------------------
NOT USED PROCEDURES
main_c.obj:
  UART2_VOL UART2_day UART2_night Test_light 
rtshc08.o (ansiis.lib):
  _PUSH_ARGS_D _ENTER_UNARY_L64 _ENTER_UNARY_L64_4 _ENTER_BINARY_L_LC 
  _ENTER_BINARY_L64 _ENTER_BINARY_L64_LC _ENTER_BINARY_L64_RC _IDIVMOD 
  _SPLITSIGN _k_is_k_plus_j_l _k_is_k_plus_j_i _LSUB_k_is_k_minus_j 
  _LAND_k_is_k_and_j _LOR_k_is_k_or_j _LXOR_k_is_k_xor_j _LMUL_k_is_k_mul_j 
  _NEG_L_HX _ABS_L_HX _SPLITSIGN_L _LMODU_k_is_k_mod_j _LMODS_k_is_k_mod_j 
  _LDIVS_k_is_k_div_j _CMP24_k_rel_j _BMULS _BDIVS _BMODS _IMUL_STAR08 
  _IDIVS_STAR08 _IDIVU_STAR08 _IMODS_STAR08 _IMODU_STAR08 _IDIVU_8 _IMODU_8 
  _IASR _ILSR _ILSL _LDEC _LNEG _LNOT _LADD_RC _LSUB _LSUB_LC _LSUB_RC _LAND 
  _LAND_RC _LOR _LOR_RC _LXOR _LXOR_RC _LMUL _LMUL_RC _LDIVS _LDIVS_LC 
  _LDIVS_RC _LDIVU _LDIVU_LC _LMODS _LMODS_LC _LMODS_RC _LMODU _LMODU_LC 
  _LMODU_RC _LASR _LLSR _LLSL _LCMP _PUSH_ARGS_24 _ENTER_BINARY_24_RC 
  _ENTER_BINARY_24 _CMP24 _CMP24_RC _COPY _COPY_L _POP64 _STORE32 _STORE64 
  _SEXT8_32 _SEXT16_32 _CALL_STAR08 _CALL_STAR08_FAR _Jump_Table_Addr 
  _Jump_Table_Offset _Jump_Table_Header_Addr _Search_Table_16_Addr 
  _Search_Table_16_Offset _Search_Table_8_Addr _Search_Table_8_Offset _PUSH_CC 
  _POP_CC _CONV_FAR_TO_NEAR _CONV_FAR_TO_LINEAR _CONV_LINEAR_TO_FAR 
NOT USED VARIABLES
main_c.obj:
  key shanqu temp_mv_yuanlai g_night_times g_day_times shanqu_tmp UID_TMP 
  key_buff key_pwd block TX_BUFF RX_BUFF RX_BUFF_TMP g_uart2_sending rt_pinbz 
rtshc08.o (ansiis.lib):
  _PowOfTwo_8 _PowOfTwo_16 _PowOfTwo_32 errno 

*********************************************************************************************
COPYDOWN SECTION
---------------------------------------------------------------------------------------------
------- ROM-ADDRESS: 0x2953 ---- SIZE       4 ---
Filling bytes inserted
 01410100
------- ROM-ADDRESS: 0x2957 ---- RAM-ADDRESS: 0x100 ---- SIZE     316 ---
Name of initialized Object : temp_mv
 03C003BF03 BD03BB03B9 03B703B503
 B203B003AD 03AA03A703 A403A0039C
 0399039403 90038C0387 0383037E03
 780373036E 0368036203 5C0356034F
 0349034203 3B0334032C 0325031D03
 15030D0305 02FD02F402 EC02E302DA
 02D102C802 BF02B502AC 02A2029902
 8F0285027C 0272026802 5E0254024A
 0240023602 2D02230219 020F020501
 FB01F201E8 01DE01D501 CB01C201B9
 01B001A701 9E0195018C 0184017B01
 73016A0162 015A015201 4B0143013B
 0134012D01 26011F0118 0111010B01
 0400FE00F8 00F200EC00 E600E100DB
 00D600D100 CB00C600C2 00BD00B800
 B300AF00AB 00A700A200 9E009A0097
 0093008F00 8C00880085 0080007F00
 7B00780076 0073007000 6D006A0068
 0065006300 61005E005C 005A005800
 5600540052 0050004E00 4C004A0049
 0047004500 4400420041 003F003E00
 3C
------- ROM-ADDRESS: 0x2A93 ---- SIZE       4 ---
Filling bytes inserted
 00000000
------- ROM-ADDRESS: 0x2A97 ---- RAM-ADDRESS: 0x240 ---- SIZE       1 ---
Name of initialized Object : g_key1_times
 FF
------- ROM-ADDRESS: 0x2A98 ---- SIZE       2 ---
Filling bytes inserted
 0000

*********************************************************************************************
OBJECT-DEPENDENCIES SECTION
---------------------------------------------------------------------------------------------
Init                      USES _startupData loadByte 
_Startup                  USES __SEG_END_SSTACK Init main 
Request                   USES write_cmd buffer read_cmd Command_Send 
                                Read_FIFO Judge_Req tagtype 
AntiColl                  USES write_cmd buffer Command_Send read_cmd 
                                Read_FIFO Save_UID Check_UID Set_BitFraming UID _ICMP 
                                AntiColl 
Select_Card               USES write_cmd buffer UID Command_Send read_cmd 
                                Read_FIFO 
write_cmd                 USES _PTADD _PTBD _PTAD 
read_cmd                  USES _PTBD _PTAD _PTADD 
Check_UID                 USES UID 
Save_UID                  USES buffer UID Save_UID _Jump_Table_Header_Offset 
Set_BitFraming            USES _Jump_Table_Header_Offset buffer write_cmd 
FM1702_Bus_Sel            USES write_cmd read_cmd 
Init_FM1702               USES _PTBD _SRS read_cmd FM1702_Bus_Sel write_cmd 
Read_FIFO                 USES read_cmd 
Write_FIFO                USES _SRS write_cmd 
Clear_FIFO                USES read_cmd write_cmd 
Command_Send              USES write_cmd Clear_FIFO Write_FIFO read_cmd _SRS 
UART2_ASW                 USES g_sendbuf g_rcvbuf uart2_send 
UART2_menci_open          USES g_uart2_index g_sendbuf g_rcvbuf uart2_send 
UART2_menci_close         USES g_uart2_index g_sendbuf g_rcvbuf uart2_send 
UART2_renti_come          USES g_uart2_index g_sendbuf g_rcvbuf uart2_send 
UART2_renti_go            USES g_uart2_index g_sendbuf g_rcvbuf uart2_send 
UART2_Ext_Power_Status    USES g_uart2_index g_sendbuf g_rcvbuf uart2_send 
Check_Ext_Power_Status    USES _PTGD alerted Delay_ms10 UART2_Ext_Power_Status 
port_init                 USES _PTAPE _PTBPE _PTCPE _PTDPE _PTEPE _PTFPE 
                                _PTGPE _PTASE _PTBSE _PTCSE _PTDSE _PTESE _PTFSE 
                                _PTGSE _PTAD _PTBD _PTCD _PTDD _PTED _PTFD _PTGD 
                                _PTADD _PTBDD _PTCDD _PTDDD _PTEDD _PTFDD _PTGDD 
                                Delay_us 
MCUinit                   USES _SOPT _SPMSC1 _SPMSC2 _ICGC1 _ICGC2 _SRS _ICGS1 
                                _SCI2BD _SCI2C1 _SCI2C3 _SCI2S2 _SCI2S1 _SCI2C2 
                                _TPM2C1SC _TPM2C0SC _TPM2SC _TPM2MOD 
Delay_ms10                USES time_ms10 _SRS 
uart2_send                USES g_rcvnum _SCI2S1 g_sendnum _SCI2D _SCI2C2 
                                Delay_us _SRS 
Start_Heat1               USES _PTDDD _PTDD 
Stop_Heat1                USES _PTDDD _PTDD 
T2                        USES _TPM2SC card_ms10 time_ms10 _PTGD hl_chngbz 
                                rt_340 rt_2s led_rtdsp time_s cpu_reset_s sec 
                                g_heat_now G_HEAT1 G_HEAT1_T g_testing Start_Heat1 
                                Stop_Heat1 _PTCD g_key1_times 
SCI2_ERROR                USES _SCI2S1 
SCI2_R                    USES _SCI2S1 _SCI2C3 _SCI2D g_rcvnum rsv_AA g_rcvbcc 
                                g_cmd_received g_rcvbuf cpu_reset_s 
SCI2_T                    USES _SCI2S1 g_sendnum _SCI2C2 g_sendbuf _SCI2D 
Find_card                 USES Init_FM1702 _SRS Request 
UART2_kaimen              USES g_uart2_index g_sendbuf g_rcvbuf uart2_send 
Read_temprature           USES _SRS _ADC1CFG _ADC1SC1 _ADC1R _LADD _POP32 
                                _LDIVU_RC temp_mv 
Heat                      USES Read_temprature g_temprature1 g_temprature2 
                                g_temprature Stop_Heat1 G_HEAT1 
UART2_test                USES g_uart2_index g_sendbuf re_menci _PTFD 
                                g_temprature1 g_temprature2 uart2_send 
main                      USES Stop_Heat1 _SRS _LINC _POP32 _LCMP_RC MCUinit 
                                port_init mark_pwd_set Init_FM1702 Delay_ms10 main 
                                g_testing sec UART2_test Start_Heat1 Heat 
                                Check_Ext_Power_Status _PTGD rt_340 RT_FS_C1_g0 UART2_renti_come 
                                led_rtdsp rt_2s UART2_renti_go _PTCD re_menci 
                                UART2_menci_open UART2_menci_close g_key1_times UART2_kaimen 
                                g_cmd_received g_rcvbuf UART2_ASW _PTCDD card_ms10 
                                g_uart2_index Find_card card_find AntiColl Select_Card _PTBD 
                                g_sendbuf UID uart2_send 
_ENTER_BINARY_L           USES _PUSH_ARGS_L 
_ENTER_BINARY_L_RC        USES _PUSH_ARGS_L 
_LDIVU_k_is_k_div_j       USES _LDIVMOD 
_LINC                     USES _ENTER_UNARY_L 
_LADD                     USES _ENTER_BINARY_L _LADD_k_is_k_plus_j 
_LDIVU_RC                 USES _ENTER_BINARY_L_RC _LDIVU_k_is_k_div_j 
_LCMP_RC                  USES _ENTER_BINARY_L_RC _LCMP_k_rel_j 
_Vector_21                USES SCI2_T 
_Vector_20                USES SCI2_R 
_Vector_19                USES SCI2_ERROR 
_Vector_14                USES T2 

*********************************************************************************************
DEPENDENCY TREE
*********************************************************************************************
 main and _Startup Group
 | 
 +- main                
 |  | 
 |  +- Stop_Heat1          
 |  |    
 |  +- _LINC               
 |  |  | 
 |  |  +- _ENTER_UNARY_L      
 |  |       
 |  +- _POP32              
 |  |    
 |  +- _LCMP_RC            
 |  |  | 
 |  |  +- _ENTER_BINARY_L_RC  
 |  |  |  | 
 |  |  |  +- _PUSH_ARGS_L        
 |  |  |       
 |  |  +- _LCMP_k_rel_j       
 |  |       
 |  +- MCUinit             
 |  |    
 |  +- port_init           
 |  |  | 
 |  |  +- Delay_us            
 |  |       
 |  +- Init_FM1702         
 |  |  | 
 |  |  +- read_cmd            
 |  |  |    
 |  |  +- FM1702_Bus_Sel      
 |  |  |  | 
 |  |  |  +- write_cmd           
 |  |  |  |    
 |  |  |  +- read_cmd             (see above)
 |  |  |     
 |  |  +- write_cmd            (see above)
 |  |     
 |  +- Delay_ms10          
 |  |    
 |  +- UART2_test          
 |  |  | 
 |  |  +- uart2_send          
 |  |     | 
 |  |     +- Delay_us             (see above)
 |  |        
 |  +- Start_Heat1         
 |  |    
 |  +- Heat                
 |  |  | 
 |  |  +- Read_temprature     
 |  |  |  | 
 |  |  |  +- _LADD               
 |  |  |  |  | 
 |  |  |  |  +- _ENTER_BINARY_L     
 |  |  |  |  |  | 
 |  |  |  |  |  +- _PUSH_ARGS_L         (see above)
 |  |  |  |  |     
 |  |  |  |  +- _LADD_k_is_k_plus_j 
 |  |  |  |       
 |  |  |  +- _POP32               (see above)
 |  |  |  |  
 |  |  |  +- _LDIVU_RC           
 |  |  |     | 
 |  |  |     +- _ENTER_BINARY_L_RC   (see above)
 |  |  |     |  
 |  |  |     +- _LDIVU_k_is_k_div_j 
 |  |  |        | 
 |  |  |        +- _LDIVMOD            
 |  |  |             
 |  |  +- Stop_Heat1           (see above)
 |  |     
 |  +- Check_Ext_Power_Status
 |  |  | 
 |  |  +- Delay_ms10           (see above)
 |  |  |  
 |  |  +- UART2_Ext_Power_Status
 |  |     | 
 |  |     +- uart2_send           (see above)
 |  |        
 |  +- UART2_renti_come    
 |  |  | 
 |  |  +- uart2_send           (see above)
 |  |     
 |  +- UART2_renti_go      
 |  |  | 
 |  |  +- uart2_send           (see above)
 |  |     
 |  +- UART2_menci_open    
 |  |  | 
 |  |  +- uart2_send           (see above)
 |  |     
 |  +- UART2_menci_close   
 |  |  | 
 |  |  +- uart2_send           (see above)
 |  |     
 |  +- UART2_kaimen        
 |  |  | 
 |  |  +- uart2_send           (see above)
 |  |     
 |  +- UART2_ASW           
 |  |  | 
 |  |  +- uart2_send           (see above)
 |  |     
 |  +- Find_card           
 |  |  | 
 |  |  +- Init_FM1702          (see above)
 |  |  |  
 |  |  +- Request             
 |  |     | 
 |  |     +- write_cmd            (see above)
 |  |     |  
 |  |     +- read_cmd             (see above)
 |  |     |  
 |  |     +- Command_Send        
 |  |     |  | 
 |  |     |  +- write_cmd            (see above)
 |  |     |  |  
 |  |     |  +- Clear_FIFO          
 |  |     |  |  | 
 |  |     |  |  +- read_cmd             (see above)
 |  |     |  |  |  
 |  |     |  |  +- write_cmd            (see above)
 |  |     |  |     
 |  |     |  +- Write_FIFO          
 |  |     |  |  | 
 |  |     |  |  +- write_cmd            (see above)
 |  |     |  |     
 |  |     |  +- read_cmd             (see above)
 |  |     |     
 |  |     +- Read_FIFO           
 |  |     |  | 
 |  |     |  +- read_cmd             (see above)
 |  |     |     
 |  |     +- Judge_Req           
 |  |          
 |  +- AntiColl            
 |  |  | 
 |  |  +- write_cmd            (see above)
 |  |  |  
 |  |  +- Command_Send         (see above)
 |  |  |  
 |  |  +- read_cmd             (see above)
 |  |  |  
 |  |  +- Read_FIFO            (see above)
 |  |  |  
 |  |  +- Save_UID            
 |  |  |  | 
 |  |  |  +- _Jump_Table_Header_Offset
 |  |  |       
 |  |  +- Check_UID           
 |  |  |    
 |  |  +- Set_BitFraming      
 |  |  |  | 
 |  |  |  +- _Jump_Table_Header_Offset (see above)
 |  |  |  |  
 |  |  |  +- write_cmd            (see above)
 |  |  |     
 |  |  +- _ICMP               
 |  |       
 |  +- Select_Card         
 |  |  | 
 |  |  +- write_cmd            (see above)
 |  |  |  
 |  |  +- Command_Send         (see above)
 |  |  |  
 |  |  +- read_cmd             (see above)
 |  |  |  
 |  |  +- Read_FIFO            (see above)
 |  |     
 |  +- uart2_send           (see above)
 |     
 +- _Startup            
    | 
    +- Init                
    |  | 
    |  +- loadByte            
    |       
    +- main                 (see above)
       
 _Vector_14          
 | 
 +- T2                  
    | 
    +- Start_Heat1          (see above)
    |  
    +- Stop_Heat1           (see above)
       
 _Vector_19          
 | 
 +- SCI2_ERROR          
      
 _Vector_20          
 | 
 +- SCI2_R              
      
 _Vector_21          
 | 
 +- SCI2_T              
      
*********************************************************************************************
STATISTIC SECTION
---------------------------------------------------------------------------------------------

ExeFile:
--------
Number of blocks to be downloaded: 8
Total size of all blocks to be downloaded: 4676

